---
source: crates/gpui-form-derive/src/derives/gpui_form.rs
expression: render(input)
---
#[derive(Clone, Debug, Default)]
pub struct StandardFormFormValueHolder {
    pub title: String,
    pub count: i64,
    pub is_admin: bool,
    pub is_active: bool,
    pub availability: chrono::NaiveDate,
}
impl From<StandardForm> for StandardFormFormValueHolder
where
    i64: ::core::default::Default,
    bool: ::core::default::Default,
{
    fn from(from: StandardForm) -> Self {
        Self {
            title: from.title,
            count: from.count.unwrap_or_default(),
            is_admin: from.is_admin,
            is_active: from.is_active.unwrap_or_default(),
            availability: from.availability,
        }
    }
}
impl From<StandardFormFormValueHolder> for StandardForm {
    fn from(from: StandardFormFormValueHolder) -> Self {
        Self {
            title: from.title,
            count: Some(from.count),
            is_admin: from.is_admin,
            is_active: Some(from.is_active),
            availability: from.availability,
        }
    }
}
impl ::gpui_form::unwrapped::Unwrapped for StandardForm {
    type Unwrapped = StandardFormFormValueHolder;
}
impl StandardFormFormValueHolder {
    pub fn try_from(
        from: StandardForm,
    ) -> Result<Self, ::gpui_form::unwrapped::UnwrappedError> {
        Ok(Self {
            title: from.title,
            count: from
                .count
                .ok_or(::gpui_form::unwrapped::UnwrappedError {
                    field_name: "count",
                })?,
            is_admin: from.is_admin,
            is_active: from
                .is_active
                .ok_or(::gpui_form::unwrapped::UnwrappedError {
                    field_name: "is_active",
                })?,
            availability: from.availability,
        })
    }
}
pub struct StandardFormFormFields {
    pub title_input: gpui::Entity<gpui_component::input::InputState>,
    pub count_number_input: gpui::Entity<gpui_component::input::InputState>,
    pub availability_date_picker: gpui::Entity<
        gpui_component::date_picker::DatePickerState,
    >,
}
pub struct StandardFormFormComponents;
impl StandardFormFormComponents {
    pub fn title_input(
        window: &mut gpui::Window,
        cx: &mut gpui::Context<'_, gpui_component::input::InputState>,
    ) -> gpui_component::input::InputState {
        gpui_component::input::InputState::new(window, cx)
    }
    pub fn count_number_input(
        window: &mut gpui::Window,
        cx: &mut gpui::Context<'_, gpui_component::input::InputState>,
    ) -> gpui_component::input::InputState {
        gpui_component::input::InputState::new(window, cx)
            .validate(|value, _| value.parse::<i64>().is_ok())
    }
    pub fn availability_date_picker(
        window: &mut gpui::Window,
        cx: &mut gpui::Context<'_, gpui_component::date_picker::DatePickerState>,
    ) -> gpui_component::date_picker::DatePickerState {
        gpui_component::date_picker::DatePickerState::new(window, cx)
    }
}
/// Struct holding error messages for each form field.
/// Empty string means no error.
#[derive(Clone, Debug)]
pub struct StandardFormFormErrors {
    pub title: String,
    pub count: String,
    pub is_admin: String,
    pub is_active: String,
    pub availability: String,
}
impl Default for StandardFormFormErrors {
    fn default() -> Self {
        Self {
            title: String::new(),
            count: String::new(),
            is_admin: String::new(),
            is_active: String::new(),
            availability: String::new(),
        }
    }
}
impl StandardFormFormErrors {
    /// Returns true if any field has an error
    pub fn has_errors(&self) -> bool {
        !self.title.is_empty() || !self.count.is_empty() || !self.is_admin.is_empty()
            || !self.is_active.is_empty() || !self.availability.is_empty()
    }
    /// Clears all errors
    pub fn clear(&mut self) {
        *self = Self::default();
    }
}
